# Steps 5-7: writing it (lean). Today is 2026-09-19.

Keep these rules for the rest of the conversation; ask for them again only after a compaction.

For each subsection, finished before the next begins:
  - Read what it needs from its sources in one turn (parallel reads; part of a large file only).
  - Write the file once: spine (§6), then quizzes (§7), then depth and apply (§6.3) — lean: depth only where a key rule's derivation did not fit the spine, no apply tier.
    Work every quiz answer out before writing it; `verified: <today>` only on answers you worked out.
    A source topic you do not teach gets a YAML comment at the top of the file: `# moved: <topic> -> sN-M` or `# skipped: <topic> — <reason>`.
  - `author done demo <sN-M> <source>...` records it and names the next one. Its warnings are advice, not gates: fix what is worth fixing and carry on.
When none are left: course-drafter writes drills/<key>.yaml for each review concept (rules: .author/demo/rules-drills.md), then `author finish demo`.

## The reader

```yaml
# Who these courses are written for. Read by tools/author.mjs, which sends
# it with every authoring prompt, and by any model writing a course by hand.
# docs/create_course.md §1.1 derives seven authoring defaults from it, so
# every field has to be answered — UNSET is refused rather than guessed.
#
# Gitignored, like the courses beside it.
#
# One reader, three courses. Five of these fields are properties of the person
# and hold everywhere; `goal` and `background` are properties of the material
# and differ per course, so each course restates its own in
# materials/expectations.md (create_course.md §11.2 requires `background`
# there verbatim in any case). The values below are ma26600's, the course
# with a real deadline; demo and resume override the two fields in their own
# expectations.md.

reader:
  goal: "exam: MA 266 — two 60-min evening midterms 2026-10-08 and 2026-11-10,
         2-hour comprehensive final 2026-12-16. Written, closed-everything:
         no calculators or devices. Common exams across all sections."

  background: >-
    Calculus I–III, fluent and current (MA 161/261): differentiation and
    integration mechanics including by parts, partial fractions, trig
    substitution and u-substitution; Taylor and power series and their
    convergence; partial derivatives; multiple integrals. Linear algebra,
    fluent and current (MA 265): matrix algebra, determinants, row reduction,
    linear independence, eigenvalues and eigenvectors. Complex arithmetic and
    Euler's formula as algebra, held firmly. Held informally rather than
    rigorously, and so bridged rather than assumed: partial-fraction
    decomposition aimed at Laplace inversion, the complex-conjugate-root path
    to a real solution form, and the linear-algebra vocabulary of a solution
    space (independence, Wronskian, dimension) transplanted into the
    differential-equation setting. Nothing about differential equations
    themselves.

  failures: >-
    transfer — choosing a method for an equation unlike anything practised;
    execution — sign, algebra and integration slips inside a method already
    known; detail retention — losing one required hypothesis, sign convention
    or form under time pressure.

  not_failures: >-
    schema acquisition — concepts land on first reading and stay landed;
    discrimination — once two methods are both understood, the reader does not
    mix them up.

  onboarding: >-
    Concrete anchor first. Open on an instance the reader can hold, then fade
    it and state the general form (D3).

  priorities: >-
    Ranked: retention across the whole term; performance on the next
    assessment; transfer to an unseen problem; speed of first read, last.

  session_length: >-
    45–60 minutes at a sitting, one or two subsections. A subsection should be
    finishable in one sitting including its quiz.

  audience: >-
    This reader. Not the median student in the class — where the two diverge,
    this one wins.
```

## The spec (§-numbers are create_course.md)

## 0. Operating rules

**0.1 A finished course.** A reader holding the §1 prerequisites, having read
the spine and cleared the drills, can (a) state every idea, (b) apply it to an
unseen problem, (c) say why each rule holds and where it stops, (d) construct
something the course never showed them. (d) separates a course from a reference
and is the one that gets dropped.

**0.2 Three rules.**

| Rule | | Source |
|---|---|---|
| **Non-redundancy** | Every piece of *explanation* appears exactly once. | [M1] |
| **Closure** | Every term, symbol and technique is a declared prerequisite or is defined earlier. | [M2] |
| **Derivability** | Every rule is reached, not asserted. | §6.2, §6.3 |

References are how the first two coexist. Non-redundancy governs explanation,
not practice — a second application is not a second copy.

**0.3** Follow §3 in order: depth is a function of the reader, so anything
written before the calibration is calibrated to nobody.

**0.4** Every rule here has a yes/no test. Weighing a judgement means you missed
one; where a real judgement remains, §1 breaks the tie.

**0.5 Do not guess.** Unknown order, format or truth → `unverified` (a human
should look it up), `generated` (a model wrote it, unchecked), or an empty field
with a note. A flagged gap is a task; a guess is a defect nobody finds.
[M20, M21, M28, M30]

**0.6** Where this file gives a count, hit it; a range, land inside it.

**0.7** Run §12 before you emit.

**0.8** Your default voice is wrong for this: balanced, hedged, encyclopedic
prose covering a topic. §14 lists the shapes that produces; `writing.md` is the
sentence itself. Read both before your first `p` block.

**0.9 A term the reader has not met is a defect, not a style choice.** Closure
is about words, not only ideas [M2]. Before using a word, a symbol, an
abbreviation or the name of a technique, name what licenses it: a line in
`background` (§1), or a `def` in this subsection or an earlier one. There is no
third licence, and a parenthetical gloss is not a definition — the panel,
primer and index are built from `def` blocks and cannot see it [M8].

It slips in mid-sentence rather than in a heading, and in three places most:
the aside that reaches for a bigger word than the block it annotates; the `why`
on a question, written once the course is finished; the `depth` block, where
the argument really is more advanced than the spine.

**Test:** for every term and symbol in the subsection that the reader could not
have met before it, say where it was taught. One you cannot place is a defect —
define it, link it as a concept (§5), or cut it.

**0.10 The reader has read what precedes this subsection and nothing else.**
Not the syllabus, not the outline, not the section you drafted an hour ago. So
nothing points forward without a link, and no sentence claims a past that has
not happened — "as we saw", "recall that", "by now you know" [M14]. Both are
checkable the same way: name the subsection it points at, and if that
subsection comes later or does not exist, the sentence is wrong.

A `depth` block is read **at the position of its parent**, not at the end of
the course. Written last, it is the block most likely to treat the rest of the
course as already read.

---

## 1. The reader

Data, filled in for the person the course is for. The filled-in copy is
`courses/_reader.yaml` (gitignored, personal); this is the blank form. A course
written against `UNSET` is calibrated to nobody (0.5).

```yaml
reader:
  goal: UNSET            # "mastery" (default), or "exam: <what, when>" (§1.2)
  background: UNSET      # THE PREREQUISITE SET, enumerated, with how firmly
                         # each is held. Anything off it is taught in full (0.2)
  failures: UNSET        # which modes below actually go wrong for them
  not_failures: UNSET    # the rest, named: §1.1 reads absence as a switch
  onboarding: UNSET      # concrete anchor first, or formal statement first
  priorities: UNSET      # ranked; breaks ties no rule settles
  session_length: UNSET  # ask before assuming (0.5)
  audience: UNSET        # "this reader" or "median student in the class"
```

`failures` and `not_failures` partition these five: **transfer** (novel
problems), **execution** (slips inside a known procedure), **detail retention**
(forgetting a value), **schema acquisition** (never understood it),
**discrimination** (picking the wrong concept).

**`background` is a boundary, not a description.** "Comfortable with maths" is
not a prerequisite set; "single-variable derivatives and integrals; no linear
algebra" is. Experts misjudge which steps a novice holds, so check the list, not
your sense of what is obvious.

### 1.1 What the profile changes

Seven defaults. Where a switch is off, the entry inverts rather than disappears.

| | Switched on by | Default | Because |
|---|---|---|---|
| **D1** | schema acquisition **not** a failure | `apply` is added where the passage earns it (§6.3), not by quota | Worked-example support reverses with expertise [material_truth Trade-offs]. Off: more worked instances |
| **D2** | discrimination **not** a failure | `confusable_with` only where the confusion is real | Interleaving pays on confusable pairs, costs on unrelated ones [T16]. Off: declare and interleave every pair they mix up |
| **D3** | `onboarding` asks for a concrete anchor | Open concrete, then fade it | Concrete-first-and-stay-concrete is the worst sequence tested [M10]. Off: formal statement opens |
| **D4** | transfer is a failure | `attempt` blocks ON for conceptual subsections | Problem solving before instruction beats the reverse on transfer, d = 0.36 [material_truth] |
| **D5** | transfer is a failure | `why_prompt` on every quiz item | Prompted self-explanation returns g = 0.55 [M6, T32] |
| **D6** | execution is a failure | Every procedural subsection: an execution trap **and** an error-spotting item | Slips are a detection problem, not a comprehension one |
| **D7** | detail retention is a failure | Every specific value gets a drill item | Detail loss is a retention failure at item grain [M33] |

D4 decides how a subsection opens, D5 what every question asks after it.

### 1.2 Goal and priorities

Mastery is the default. Four things change when `goal` names an exam.

| | `goal: mastery` | `goal: exam: …` |
|---|---|---|
| Section order | Dependency order | The institution's order [M15]; deviate only on a real dependency violation, and say why in the blurb |
| `exam.format` (§11.1) | Formats a mastered reader must be fluent in; include `derivation` | The formats the exam uses |
| `exam.dates` | Empty | The real dates, so the schedule aims at them [T17] |
| `review.basis` (§5.1) | What later sections depend on, plus what is error-prone | That, plus everything the exam can test |

`priorities` breaks ties. For a ranking with retention first and read speed
last: `drills/` is required; `expectations.md` must carry `exam.format` and
`review.basis`; ambiguous spine-vs-depth → `depth`; spare effort goes to the
drill bank, not a fourth explanatory paragraph.

---

## 5a. Categories — `categories/<key>.yaml`

A category answers *what kind of thing is this, and what is it not* — the
grouping a reader still has after forgetting where they read something. Concepts
and categories share the **index** at `#/<id>/index`: ideas in the first band,
kinds in the second.

| | An idea (`concepts/`) | A kind (`categories/`) |
|---|---|---|
| answers | *what is this?* | *what is this one of?* |
| cardinality | one entry, many mentions | one set, many members |
| carries | a `body:` that explains | a `boundary:` that excludes |
| earns its place by | being re-explained in 3+ sections (M13) | having members worth listing together |
| a thing can have | as many mentions as the prose needs | exactly one `cat:`, any number of `tags:` |

Something can be both: a concept with a `cat:` appears in Ideas and on that
category's page.

```yaml
name: Precipitation reactions
short: PPT                   # 2-3 chars, optional
boundary: |-
  Reactions in which dissolved substances react to form one (or more) solid
  products. Not acid-base reactions, in which a hydrogen ion is transferred,
  and not redox, in which an oxidation number changes.
siblings: [acid-base-reactions, redox-reactions]   # must name each other
note: |-                     # optional; HTML, rendered above the members
  <p>One of the three categories OpenStax Chemistry 2e §4.2 sorts reactions into.</p>
```

The boundary is this category's definition then each sibling's, in the source's
own words — the sentence a reader is actually learning. It is required: without
it a category file is a label with a page.

Membership is declared on the thing:

```yaml
- t: table
  id: solubility-rules
  cap: Which ionic compounds dissolve, and which come out as a solid
  cat: precipitation-reactions  # the principal kind: one, and it must be declared
  tags: [solubility, aqueous]   # secondary, plural, slugs
```

**A label is not a category.** `label:` names one block; `cat:` names a set,
course-wide. A category that would only ever have one member is a label.
**`cat:` versus `tags:`**: the category is the single kind a thing most is, and
gets a page, a boundary and siblings; tags are other shelves it could sit on and
get a facet in Explore.

- Every `cat:` must name a `categories/` file; a category is declared, never
  inferred (M35).
- Every category needs at least one member, and `siblings:` must name each other.
- Tags are slugs: lowercase, digits, single hyphens.
- Categories go on **blocks and concepts only**. A drill inherits its concept's;
  a quiz item has none, because `type` is its identity (M9).
- Do not categorise everything: a chip on every block signals nothing (T13).

---

## 6. Sections and subsections

```yaml
# _section.yaml
title: Separable Equations
blurb: >-
  Two or three sentences: what this section is for, and why it comes here.
primer:                          # §9
  - ask: …
    answer: …
    why: |-
      <p>…</p>
```

```yaml
# N-<slug>.yaml
title: Separable equations
blocks:
  - t: p
    h: |-
      Prose. Write HTML directly; inside a literal block nothing is escaped.
quiz:
  - type: Solve a separable equation
    q: |-
      …                           # §7 has the whole shape
```

Both accept `id:`/`num:` overrides. Do not write them: positional numbering is
what keeps ids stable.

### 6.1 Block types

| `t:` | Use for | Key fields |
|---|---|---|
| `p` | Ordinary prose | `h` |
| `def` | A term being defined | `term`, `h`, `items` |
| `key` | A rule to remember, or a procedure | `h`, `items`, `ordered` |
| `trap` | The mistake people actually make | `h`, `items` |
| `ex` | A worked example, usually `<ol>` steps | `title`, `h` |
| `note` | A non-examinable digression (always `depth`) | `h`, `items` |
| `list` | A bare list | `items`, `ordered` |
| `table` | Any table | `cap`, `head`, `rows`, `split`, `mono`, `map` |
| `code` | Source listings, highlighted per `syntax` | `lang`, `src` |
| `math` | A standalone equation | `tex`, `label`, `note` |
| `figure` | Anything describable as data (§10.1) | `kind`, `cap`, `spec`, `id` |
| `image` | A photograph, scan or supplied diagram | `src`, `alt`, `cap`, `credit`, `width`, `id` |
| `attempt` | A problem the reader cannot yet solve, **first block only** | `h`, `label` |

Every block also takes `tier:`, `label:`, `cat:`, `tags:`, `notes:` (§6.6),
`follows:` and `asides:` (§6.3). `def`, `key` and `trap` take `source:` and one
of `core:`/`gist:` (§6.6). `table` and `image` take `id:`, which numbers and
cites them exactly as a `figure`.

**Steps go in `items:`, never in a sentence.** `def`, `key`, `trap` and `note`
take `items:` as a `list` does; `ordered: true` numbers them; `h:` renders above
as the lead-in. The build fails "(1) … (2) …" run into a paragraph.

```yaml
- t: key
  label: Building the potential
  source: Edwards & Penney §1.6
  ordered: true
  items:
    - >-
      Confirm <m>M_y = N_x</m>.
    - >-
      Set <m>F = \int M\,dx</m> with <m>y</m> held constant, plus an unknown <m>g(y)</m>.
    - >-
      Differentiate in <m>y</m>, set it equal to <m>N</m>, and solve for <m>g'(y)</m>.
```

Write items as `>-` scalars: TeX backslashes survive and an unquoted `": "`
cannot turn the item into a mapping. Commentary *about* the steps is a follow-up
(§6.3), not a tail on the same block.

On `table`: `mono: true` gives fixed-width centred cells and applies
`valueStyles`; `map:` does the same with an inline `{value: css-class}`;
`split: N` rules off after column N.

**A `label:` names the block; it does not explain it** — a word or a short
phrase ("Common slip", "The cut property"). A label that is a sentence belongs in
`h` or `core:`. **An `ex` block's `title:` names what is worked**, not how you
worked it: "Overflow in a 4-bit sum", never "step by step" or "revisited".

**Two fields default**: `tier:` to `spine` (an absent tier *is* the declaration
[M23]) and `label:` to the callout's own name. Write either only to override it.

**Never write the interface's own words.** A callout prints its label, a figure
its number, a collapsed tier its count, an `attempt` its box and buttons.
Repeating any of it is redundancy no gate catches. Check §2.1 before telling a
reader what to do on the page.

**`source:` belongs on every `def`, `key` and `trap`** — the three that carry
conclusions a reader cannot catch by reading around them, and the population
`npm run audit` measures. Three legal shapes: a real origin (`"Griffiths §2.3"`,
counts as verified), `unverified`, or `generated` (you wrote it unsourced [M30]).
An absent `source:` counts against the fraction like an ungrounded one.

**Use `def` for every term you name.** It is the only block feeding the
pre-training panel [M8, T14], and it is how closure is checked: a term with no
`def` and no line in `background` is assumed knowledge.

### 6.2 Order inside a subsection

```
<opener>   exactly one, first block only — or none
def        the abstract statement, retiring the opener explicitly
key        the rule that makes it usable, and where it comes from
ex         worked examples where needed, fully stepped
figure     the artefact that makes it concrete
trap       what goes wrong, named as a specific slip
```

Definition before example before exception; never lead with a qualification
[M10].

**One block may precede the `def`**: a concrete anchor (`p`, the D3 default) *or*
an `attempt` (D4), never both. Second person, one concrete act, the general term
arriving only after an instance of it.

**The `def` states the term and nothing else** — it has to read cold in week six
and in a margin card far from here. No numbers borrowed from the anchor, no "as
we saw above".

**The block after it retires the opener**: one or two sentences generalising the
anchor, or saying what the `attempt` was reaching for. An unretired anchor leaves
the reader holding an instance where they need a schema. **The anchor also names
where it breaks**: "this stops being a good picture once X."

**Every `key` rule is derived, not announced** (0.2), in order of preference:
(1) one or two sentences inside the `key`; (2) the `ex` that follows walks the
general case before the numeric one; (3) a `depth` block with `follows: true`
directly under it (§6.3).

The exception is a rule that is *given* — an axiom, convention, defined unit,
measured constant, institutional fact. Say so in the block, because a reader who
tries to derive a convention concludes they missed something.

### 6.3 Tiers

| `tier:` | Holds | Test |
|---|---|---|
| `spine` | Definition, rule, mechanism, one canonical instance | Removing it breaks the argument |
| `depth` | Derivations, proofs, edge cases, caveats, rationale | It answers "why" or "what if", not "what" |
| `apply` | Instance two, three | It teaches nothing new; it builds fluency |

- **The spine alone is the whole course** [M23, T33]. Depth may point at the
  spine; the spine may never need depth. The build fails a spine block citing a
  figure only a collapsed tier declares.
- **Nothing examinable is `depth`** [M25]: the test is examinability, not length.
- **A `depth` block is read where its parent sits** (0.10). It may use what the
  spine has taught *up to that point* and nothing later, and it may not tell the
  reader they have already seen something they have not. This is the block that
  breaks the rule, because it is written once the whole course exists.
- **An `apply` block never re-explains** [M24]; the fix is a link.
- **A `depth` block may be any kind.** `figure`, `table`, `math`, `code`, `ex`,
  a second `def` — the tier decides whether a block is on the page, never how it
  is drawn. A derivation that wants a diagram gets the diagram. The one rule
  that follows from M23: a spine block may not cite a figure that exists only
  inside a collapsed tier, and the build fails it.
- **Examples, asides and depth have no numerical caps.** Choose their number
  and length for the reader and passage. Counts elsewhere in this guide are
  starting points for author judgement, not limits on useful explanation.

**Every `def` and `key` owes the reader its why.** State it in the block when
brief; otherwise place a `depth` follow-up directly after the block.

### 6.4 Traps

**Use a trap for each distinct, plausible misunderstanding.** One or two is
a common starting point, not a cap; omit redundant traps and include additional
ones when they teach different mistakes. A procedural subsection should cover
relevant execution errors (D6).

| Kind | Names | Shape |
|---|---|---|
| Conceptual | A wrong belief | "People read the leading 1 of `1010` as a minus sign, giving −2. The leading bit is a *weight*, −8, so `1010` is −6." |
| Execution | A slip in a known procedure | "The carry *into* the sign bit and the carry *out of* it are different bits. Reading the wrong one flips your overflow answer." |

An execution trap names the keystroke-level error: which sign, index, unit,
order. "Be careful with signs" is a mood, not a trap.

### 6.5 The deliberate mistake goes in the quiz

**There is no `err` block.** An erroneous example only works if the reader is
asked to detect, explain and correct it, and the quiz already has a reveal gate,
a `why`, a `why_prompt` and a badge. Route it through an error-spotting item in
the subsection that taught the procedure, plus an execution trap naming the slip:

```yaml
- type: Spot the error
  concept: separable-equation
  q: |-
    <p>A student solves <m>y' = y(1-y)</m> by separating and integrating, and
    reports the family as the general solution. Which solutions has the method
    dropped, and at which step should they have been caught?</p>
  a: <m>y = 0</m> and <m>y = 1</m>. At step 1, before dividing.
  why: |-
    <p>Dividing by <m>g(y)</m> is what makes separation work and what discards
    the roots of <m>g</m>, which is why the check comes before the division.</p>
  why_prompt: What does dividing by <m>g(y)</m> assume about <m>g(y)</m>?
  verified: 2026-09-13
```

One such item per procedural subsection: a desirable difficulty, and those work
in small numbers.

### 6.6 The claim: `core:` and `gist:`

Every `def`, `key` and `trap` declares one, never both; the field name *is* the
declaration.

**`core:` is the block's own opening claim**, lifted out rather than paraphrased.
`h:` then holds **only what develops it**, never the claim again: at Full depth
the claim renders as the block's opening paragraph and `h:` as the next one, so
the sentence exists once and nothing can drift. The build fails a `core:` that
reopens its own `h:`.

```yaml
- t: def
  term: Separable differential equation
  source: OpenStax Calculus Volume 2 §4.3
  core: |-
    Any equation that can be written in the form <m>y' = f(x)g(y)</m>.
  h: |-
    <p>The form is the whole of the method's availability: with the variables
    apart, each side integrates against its own. Step 4 of the strategy is where
    that stops — <m>y</m> is not always obtainable explicitly.</p>
```

**Write it so it stands alone**: a reader meets it cold in week six. No "the
following", no "as above", no forward reference to the example underneath. Hoist
the term to the front — *"A combination is a list of expressions inside
parentheses"*, not "Expressions formed by … are called combinations" — and leave
the original machinery to `h:`. **A `core:` may itself be a list** where the
claim is several parallel facts; flattening them to fit a field deforms the
content.

**A claim on a structure block does not close it.** A `list`, `table`, `code`,
`math`, `figure` or `image` is `holds: structure`, so its `core:` renders *above*
the structure at every depth. You cannot hide a table behind a sentence about it.

**`gist:` is a summary *about* the block**, for prose that must not lead with its
claim — nearly always a `trap`, whose mechanism is letting the reader believe the
wrong thing for a sentence. `h:` is untouched and the gist shows only when the
block is closed.

```yaml
- t: trap
  label: The leading bit is a weight
  gist: In two's complement the leading bit is worth −8, not a sign flag.
  h: |-
    <p>People read the leading 1 of <code>1010</code> as a minus sign and the
    rest as a magnitude, giving −2. The leading bit is a <i>weight</i>, −8.</p>
```

**`gist:` is a second copy and is counted**: `npm run audit` reports the fraction
against `audit.repeat`. Reach for `core:` unless the order is doing pedagogical
work.

**What the other kinds show when closed** (nothing to write): `figure` and `math`
render in full; `table` and `image` show their `cap:`; `ex` its `title:`; `note`,
`code` and `list` a one-line stub from `label:`; **a `p` block is not shown at
all**, because it carries no claim — a `p` that asserts something wants to be a
`key` (M36).

**`notes:` overrides per block** — `open | lead | caption | closed | hidden`:

```yaml
- t: table
  notes: open        # a compare-and-contrast matrix is already the compact form
  cap: The two controls, and what each one does to a block
```

Use `closed` where a claim is real but not worth a scanning line, and `hidden`
almost never: it is the one value that removes a block with no sign it was there.

## 7. Questions

**One question per distinct question type. Never repeat a type** [M5]. The target
is coverage of the question *surface*; volume belongs in the drill bank. Ask what
can be asked about this subsection: apply forwards, apply backwards, identify the
case, compute, **spot the error** (required for procedural subsections, D6),
explain why the rule holds, judge a boundary case.

```yaml
- type: Recognise a separable equation    # names a skill, never a number
  concept: separable-equation             # the retention identity
  q: Is <m>y' = x + y</m> separable? Say why or why not.
  a: No                                   # the bare answer, no reasoning
  why: |-
    <p>Separable means writable as <m>y' = f(x)g(y)</m>, a product. A sum does
    not factor into one…</p>
  why_prompt: What would <m>f</m> and <m>g</m> have to be for a sum to factor?
  verified: 2026-09-08
```

Every field is required [M6]:

- **`type`** is the identity used for coverage [M9]: a skill name, not a number.
- **`concept:`** is the identity used for retention — what lets a confident miss
  pull the concept into review [T18]. Inferred where the subsection cites exactly
  one concept with a drill file; declare it wherever there is a choice. One
  naming no concept file fails the build; one resolving to nothing is counted as
  `unrouted`.
- **`why_prompt:`** is the specific question the reader answers before the
  reveal, on every item (D5). It turns retrieval into elaborated retrieval.
- **`why`** explains the reasoning **and why the wrong path is tempting** [M7].
- **`verified:`** is the date you last **re-derived** the answer [M22].

### 7.1 The synthesis item

Coverage proves the reader can answer, not that they can *construct* — goal
0.1(d). **One per section**, in its last subsection, where the material
**composes**: two rules bearing on one situation, or a rule with a domain a
reader could probe. A section teaching one procedure with one correct output has
nothing to compose; exempting it is a judgement, so name the exemption in the
section blurb.

```yaml
- type: Synthesis
  concept: separable-equation
  q: |-
    <p>Two's complement has exactly one zero, and one negative value with no
    positive counterpart. Both follow from the same asymmetry. Describe a
    fixed-width signed encoding that removes the second anomaly, and say what it
    costs.</p>
  a: |-
    <p>A good answer names the asymmetry (2ⁿ patterns cannot split evenly around
    a single zero), proposes one coherent alternative, and prices it.</p>
  why: |-
    <p>There is no single right answer. What is tested is whether the reader sees
    the encoding as a set of trade-offs rather than a rule…</p>
  why_prompt: How many patterns does n bits give, and how many values must a
    symmetric signed range contain?
  verified: 2026-09-08
```

`a` states **the criteria a good answer meets**, not an answer.

---

## 9. The primer's prequestions

`_section.yaml` may end with one or two questions about a **relation** the
section is about to establish, not a term — the primer's own run covers terms
[M29].

```yaml
primer:
  - ask: Separating <m>y' = f(x)g(y)</m> puts a <m>dy</m> under <m>g(y)</m>.
      What has that step assumed about <m>g(y)</m>?
    answer: That it is not zero
    why: |-
      <p>Which is why the constant solutions have to be collected before the
      division, not recovered after it.</p>
```

The correction is enforced: an uncorrected pretest error is *more* likely to be
repeated later. Ask only about what you want retained; the benefit does not
generalise to the rest of the section.

---

## 10. Figures, maths, images, colour, cross-course links

### 10.1 Figures

`{t: figure, kind, cap, id, spec}`. Nine kinds, with their `spec` fields in full.

| `kind` | For | `spec` |
|---|---|---|
| `graph` | State machines, block diagrams | `nodes:[{id, label, x, y, note, title, accent, state, here}]`, `edges:[{from, to, label, curve, self}]`, `layout: circle \| row \| layered \| manual`, `r`, `w`, `h` |
| `plot` | Functions or measured series | `series:[{label, fn \| points, from, to, dash, samples}]`, `xlabel`, `ylabel`, `xrange`, `yrange`, `ticks`, `legend`, `xfmt`, `yfmt`, `w`, `h` |
| `flow` | Processes and pipelines | `steps:[{label, note}]`, `dir: row \| col` |
| `grid` | Labelled 2-D grids with highlighted groups | `rowVars`, `colVars`, `rowLabels`, `colLabels`, `cells`, `index: binary`, `groups:[{label, cells:[[r,c],…]}]` |
| `timing` | Digital waveforms | `signals:[{name, wave:"0101"}]`, `unit` |
| `bar` | Magnitudes across labelled categories | `bars:[{label, value, accent}]`, `xlabel`, `ylabel`, `max`, `baseline`, `ticks`, `valueFmt`, `w`, `h` |
| `scatter` | How two measured quantities relate | `series:[{label, points}]`, `trend: true`, `xlabel`, `ylabel`, `xrange`, `yrange`, `ticks`, `xfmt`, `yfmt`, `w`, `h` |
| `matrix` | Bracketed matrices | `rows`, `label` |
| `svg` | Anything the others cannot express | `body`, `viewBox` |

`grid` cells take the course's `valueStyles`; `groups` draw in three rotating
colours. A `plot` series' `fn` is JavaScript in `x`, compiled and sampled by
`validate.mjs`, so one that will not parse or has no finite value fails the build.

**A `spec` may only contain keys the engine reads** (`src/figures/schema.js`);
anything else fails the build, because a renderer silently ignores what it does
not know. Two ways in, both of which have shipped:

1. **Quote any value containing a comma.** In a flow mapping a comma ends the
   *pair*: `{label: resolve, note: path, credential, query}` is four keys. Write
   `{label: resolve, note: "path, credential, query"}`. The commonest defect.
2. **`dir` and `layout` take the values in the table and nothing else.**

**A `valueFmt`, `xfmt` or `yfmt` is a template string**, not a function; `{}`
stands for the formatted value, and a format with no `{}` fails the build.

```yaml
- t: figure
  kind: bar
  cap: Recall after a week
  spec:
    valueFmt: "{}%"          # 40 → "40%";  "{} ms" → "40 ms"
    bars:
      - {label: restudy, value: 40}
```

**A figure must carry information the prose does not** [M17]. Use `note` on graph
nodes only where there are few; past about eight prefer `title`. Cite with `id:`
and `<f k="that-id"/>`; numbering is automatic and section-scoped.

### 10.2 Maths

Write TeX, not HTML; it is checked at build time [T30].

```yaml
- t: math
  label: The characteristic equation
  tex: ar^2 + br + c = 0
  note: The solution form depends only on the discriminant.
```

1. **Never put TeX in a double-quoted YAML scalar** — `"\alpha"` is a YAML
   escape. Use `|-` or single quotes (a literal `'` inside is written `''`).
2. **No `<m>` in a table with `mono:` or `map:`**: those cells are escaped.
3. **Words inside maths go in `\text{...}`**, or stay outside the `<m>`.

Use `math` when the equation *is* the paragraph's point; inline `<m>` when it is
mentioned in passing.

### 10.3 Images

```yaml
- t: image
  src: assets/slope-field.png
  alt: Slope field for y' = y(1-y) with three solution curves drawn through it
  cap: Solution curves are the curves the slope field is tangent to everywhere
  credit: Redrawn from OpenStax Calculus Volume 2 §4.2
  width: 460
```

Embedded at build. PNG, JPEG, GIF, WebP, SVG; the build fails on a missing path
or a total over 8MB. **`alt` is required** [M19]; prefer a `figure` wherever the
content can be described as data [M18].

### 10.4 Colour

Ink variants (`--hi-ink` `--lo-ink` `--dc-ink` `--hz-ink`) for text, vivid
accents (`--hi` `--lo` `--dc` `--hz`) for borders, fills and graphics [T3].
`npm run contrast` fails below AA in three colour modes. **Colour never carries
meaning alone** [T26].

### 10.5 Linking to another course

```yaml
h: |-
  The theory is <a href="#/other-course/s6-1">first-order transients</a> in the
  lecture course.
```

Non-redundancy applies across courses. The target is a full route, resolved
against every course on disk; it renders as a plain link.

---

Next: s1-1 What a course is  (0/14 done)
  file:    courses/demo/sections/01-using-this-site/1-what-a-course-is.yaml  — has 6 blocks, 2 quiz items: read it and continue
  section: s1 Using this site (s1-1, s1-2, s1-3, s1-4, s1-5)
  then:    author done demo s1-1 <source>...
