  ok    a key renders its items as an ordered list
  ok    items render inside the callout, before the source line
  ok    items are unordered unless ordered: true
  ok    a def renders items
  ok    a trap renders items
  ok    a note renders items
  ok    a list block still renders its items after its intro
  ok    a callout with no items renders no empty list
  ok    Review depth keeps a callout's steps open
  ok    …even when it carries a claim
  ok    an explicit notes: still wins
  ok    a note with items stays closed, as notes do
  ok    split marks the last input column, head and body
  ok    no table cell wears the hairline divider's class
  ok    a table with no split marks nothing
  ok    a follow-up attaches to the block above it
  ok    consecutive follow-ups share one parent
  ok    a block without follows attaches to nothing
  ok    a follow-up on the first block attaches to nothing
  ok    a hidden follow-up is its own attached run
  ok    a hidden block that follows nothing gets its own stub
  ok    a run of hidden follow-ups stays one run
  ok    a follow-up of a hidden parent joins the parent's run
  ok    the attached stub names what it holds
  ok    a def marked follows does not open its own topic
  ok    an anchored aside is found with its phrase and body
  ok    an aside with no anchor is not drawn
  ok    anchors inside items are found
  ok    the reading row marks the phrase for pairing
  ok    everywhere else the phrase is plain text
  ok    decorate drops anchors it was not given pre-rendered
  ok    decorate keeps anchors the row already rendered
  ok    anchorKeys lists every key
  ok    a run-in enumeration in a callout fails
  ok    …and names items: as the fix
  ok    equation numbers do not trip it
  ok    O(1) and derivative orders do not trip it
  ok    items: on a block that cannot render them fails
  ok    follows: on the first block fails
  ok    follows: must be true
  ok    a spine block may not follow a depth block
  ok    a depth block may follow a spine block
  ok    an anchor with no aside fails
  ok    an aside with no anchor fails
  ok    a paired anchor and aside pass
  ok    a long aside warns
  ok    an anchor in a question fails

all passed
